Archive member included to satisfy reference by file (symbol)

C:/ST/STM32CubeCLT_1.17.0/GNU-tools-for-STM32/bin/../lib/gcc/arm-none-eabi/12.3.1/../../../../arm-none-eabi/lib/thumb/v6-m/nofp\libc_nano.a(libc_a-exit.o)
                              C:/ST/STM32CubeCLT_1.17.0/GNU-tools-for-STM32/bin/../lib/gcc/arm-none-eabi/12.3.1/../../../../arm-none-eabi/lib/thumb/v6-m/nofp/crt0.o (exit)
C:/ST/STM32CubeCLT_1.17.0/GNU-tools-for-STM32/bin/../lib/gcc/arm-none-eabi/12.3.1/../../../../arm-none-eabi/lib/thumb/v6-m/nofp\libc_nano.a(libc_a-findfp.o)
                              C:/ST/STM32CubeCLT_1.17.0/GNU-tools-for-STM32/bin/../lib/gcc/arm-none-eabi/12.3.1/../../../../arm-none-eabi/lib/thumb/v6-m/nofp\libc_nano.a(libc_a-exit.o) (__stdio_exit_handler)
C:/ST/STM32CubeCLT_1.17.0/GNU-tools-for-STM32/bin/../lib/gcc/arm-none-eabi/12.3.1/../../../../arm-none-eabi/lib/thumb/v6-m/nofp\libc_nano.a(libc_a-fwalk.o)
                              C:/ST/STM32CubeCLT_1.17.0/GNU-tools-for-STM32/bin/../lib/gcc/arm-none-eabi/12.3.1/../../../../arm-none-eabi/lib/thumb/v6-m/nofp\libc_nano.a(libc_a-findfp.o) (_fwalk_sglue)
C:/ST/STM32CubeCLT_1.17.0/GNU-tools-for-STM32/bin/../lib/gcc/arm-none-eabi/12.3.1/../../../../arm-none-eabi/lib/thumb/v6-m/nofp\libc_nano.a(libc_a-stdio.o)
                              C:/ST/STM32CubeCLT_1.17.0/GNU-tools-for-STM32/bin/../lib/gcc/arm-none-eabi/12.3.1/../../../../arm-none-eabi/lib/thumb/v6-m/nofp\libc_nano.a(libc_a-findfp.o) (__sread)
C:/ST/STM32CubeCLT_1.17.0/GNU-tools-for-STM32/bin/../lib/gcc/arm-none-eabi/12.3.1/../../../../arm-none-eabi/lib/thumb/v6-m/nofp\libc_nano.a(libc_a-memset.o)
                              C:/ST/STM32CubeCLT_1.17.0/GNU-tools-for-STM32/bin/../lib/gcc/arm-none-eabi/12.3.1/../../../../arm-none-eabi/lib/thumb/v6-m/nofp/crt0.o (memset)
C:/ST/STM32CubeCLT_1.17.0/GNU-tools-for-STM32/bin/../lib/gcc/arm-none-eabi/12.3.1/../../../../arm-none-eabi/lib/thumb/v6-m/nofp\libc_nano.a(libc_a-closer.o)
                              C:/ST/STM32CubeCLT_1.17.0/GNU-tools-for-STM32/bin/../lib/gcc/arm-none-eabi/12.3.1/../../../../arm-none-eabi/lib/thumb/v6-m/nofp\libc_nano.a(libc_a-stdio.o) (_close_r)
C:/ST/STM32CubeCLT_1.17.0/GNU-tools-for-STM32/bin/../lib/gcc/arm-none-eabi/12.3.1/../../../../arm-none-eabi/lib/thumb/v6-m/nofp\libc_nano.a(libc_a-reent.o)
                              C:/ST/STM32CubeCLT_1.17.0/GNU-tools-for-STM32/bin/../lib/gcc/arm-none-eabi/12.3.1/../../../../arm-none-eabi/lib/thumb/v6-m/nofp\libc_nano.a(libc_a-closer.o) (errno)
C:/ST/STM32CubeCLT_1.17.0/GNU-tools-for-STM32/bin/../lib/gcc/arm-none-eabi/12.3.1/../../../../arm-none-eabi/lib/thumb/v6-m/nofp\libc_nano.a(libc_a-impure.o)
                              C:/ST/STM32CubeCLT_1.17.0/GNU-tools-for-STM32/bin/../lib/gcc/arm-none-eabi/12.3.1/../../../../arm-none-eabi/lib/thumb/v6-m/nofp\libc_nano.a(libc_a-reent.o) (_impure_ptr)
C:/ST/STM32CubeCLT_1.17.0/GNU-tools-for-STM32/bin/../lib/gcc/arm-none-eabi/12.3.1/../../../../arm-none-eabi/lib/thumb/v6-m/nofp\libc_nano.a(libc_a-lseekr.o)
                              C:/ST/STM32CubeCLT_1.17.0/GNU-tools-for-STM32/bin/../lib/gcc/arm-none-eabi/12.3.1/../../../../arm-none-eabi/lib/thumb/v6-m/nofp\libc_nano.a(libc_a-stdio.o) (_lseek_r)
C:/ST/STM32CubeCLT_1.17.0/GNU-tools-for-STM32/bin/../lib/gcc/arm-none-eabi/12.3.1/../../../../arm-none-eabi/lib/thumb/v6-m/nofp\libc_nano.a(libc_a-readr.o)
                              C:/ST/STM32CubeCLT_1.17.0/GNU-tools-for-STM32/bin/../lib/gcc/arm-none-eabi/12.3.1/../../../../arm-none-eabi/lib/thumb/v6-m/nofp\libc_nano.a(libc_a-stdio.o) (_read_r)
C:/ST/STM32CubeCLT_1.17.0/GNU-tools-for-STM32/bin/../lib/gcc/arm-none-eabi/12.3.1/../../../../arm-none-eabi/lib/thumb/v6-m/nofp\libc_nano.a(libc_a-writer.o)
                              C:/ST/STM32CubeCLT_1.17.0/GNU-tools-for-STM32/bin/../lib/gcc/arm-none-eabi/12.3.1/../../../../arm-none-eabi/lib/thumb/v6-m/nofp\libc_nano.a(libc_a-stdio.o) (_write_r)
C:/ST/STM32CubeCLT_1.17.0/GNU-tools-for-STM32/bin/../lib/gcc/arm-none-eabi/12.3.1/../../../../arm-none-eabi/lib/thumb/v6-m/nofp\libc_nano.a(libc_a-init.o)
                              C:/ST/STM32CubeCLT_1.17.0/GNU-tools-for-STM32/bin/../lib/gcc/arm-none-eabi/12.3.1/../../../../arm-none-eabi/lib/thumb/v6-m/nofp/crt0.o (__libc_init_array)
C:/ST/STM32CubeCLT_1.17.0/GNU-tools-for-STM32/bin/../lib/gcc/arm-none-eabi/12.3.1/../../../../arm-none-eabi/lib/thumb/v6-m/nofp\libc_nano.a(libc_a-lock.o)
                              C:/ST/STM32CubeCLT_1.17.0/GNU-tools-for-STM32/bin/../lib/gcc/arm-none-eabi/12.3.1/../../../../arm-none-eabi/lib/thumb/v6-m/nofp\libc_nano.a(libc_a-findfp.o) (__retarget_lock_init_recursive)
C:/ST/STM32CubeCLT_1.17.0/GNU-tools-for-STM32/bin/../lib/gcc/arm-none-eabi/12.3.1/../../../../arm-none-eabi/lib/thumb/v6-m/nofp\libc_nano.a(libc_a-freer.o)
                              C:/ST/STM32CubeCLT_1.17.0/GNU-tools-for-STM32/bin/../lib/gcc/arm-none-eabi/12.3.1/../../../../arm-none-eabi/lib/thumb/v6-m/nofp\libc_nano.a(libc_a-reent.o) (_free_r)
[...]
Memory Configuration

Name             Origin             Length             Attributes
RAM              0x20000000         0x00002000         xrw
FLASH            0x08000000         0x00010000         xr
*default*        0x00000000         0xffffffff

Linker script and memory map

LOAD C:/ST/STM32CubeCLT_1.17.0/GNU-tools-for-STM32/bin/../lib/gcc/arm-none-eabi/12.3.1/thumb/v6-m/nofp/crti.o
LOAD C:/ST/STM32CubeCLT_1.17.0/GNU-tools-for-STM32/bin/../lib/gcc/arm-none-eabi/12.3.1/thumb/v6-m/nofp/crtbegin.o
LOAD C:/ST/STM32CubeCLT_1.17.0/GNU-tools-for-STM32/bin/../lib/gcc/arm-none-eabi/12.3.1/../../../../arm-none-eabi/lib/thumb/v6-m/nofp/crt0.o
START GROUP
LOAD C:/ST/STM32CubeCLT_1.17.0/GNU-tools-for-STM32/bin/../lib/gcc/arm-none-eabi/12.3.1/../../../../arm-none-eabi/lib/thumb/v6-m/nofp\libc_nano.a
LOAD C:/ST/STM32CubeCLT_1.17.0/GNU-tools-for-STM32/bin/../lib/gcc/arm-none-eabi/12.3.1/../../../../arm-none-eabi/lib/thumb/v6-m/nofp\libm.a
END GROUP
LOAD CMakeFiles/PowerMeter.dir/Core/Src/main.c.obj
LOAD CMakeFiles/PowerMeter.dir/Core/Src/stm32f0xx_it.c.obj
LOAD CMakeFiles/PowerMeter.dir/Drivers/STM32F0xx_HAL_Driver/Src/stm32f0xx_ll_gpio.c.obj
LOAD CMakeFiles/PowerMeter.dir/Drivers/STM32F0xx_HAL_Driver/Src/stm32f0xx_ll_pwr.c.obj
LOAD CMakeFiles/PowerMeter.dir/Drivers/STM32F0xx_HAL_Driver/Src/stm32f0xx_ll_exti.c.obj
LOAD CMakeFiles/PowerMeter.dir/Drivers/STM32F0xx_HAL_Driver/Src/stm32f0xx_ll_usart.c.obj
LOAD CMakeFiles/PowerMeter.dir/Drivers/STM32F0xx_HAL_Driver/Src/stm32f0xx_ll_rcc.c.obj
LOAD CMakeFiles/PowerMeter.dir/Drivers/STM32F0xx_HAL_Driver/Src/stm32f0xx_ll_dma.c.obj
LOAD CMakeFiles/PowerMeter.dir/Drivers/STM32F0xx_HAL_Driver/Src/stm32f0xx_ll_utils.c.obj
LOAD CMakeFiles/PowerMeter.dir/Core/Src/system_stm32f0xx.c.obj
LOAD CMakeFiles/PowerMeter.dir/Core/Src/sysmem.c.obj
LOAD CMakeFiles/PowerMeter.dir/Core/Src/syscalls.c.obj
LOAD CMakeFiles/PowerMeter.dir/startup_stm32f030x8.s.obj
LOAD CMakeFiles/PowerMeter.dir/App/Src/app.c.obj
LOAD CMakeFiles/PowerMeter.dir/Utils/Scheduler/scheduler.c.obj
START GROUP
LOAD C:/ST/STM32CubeCLT_1.17.0/GNU-tools-for-STM32/bin/../lib/gcc/arm-none-eabi/12.3.1/thumb/v6-m/nofp\libgcc.a
LOAD C:/ST/STM32CubeCLT_1.17.0/GNU-tools-for-STM32/bin/../lib/gcc/arm-none-eabi/12.3.1/../../../../arm-none-eabi/lib/thumb/v6-m/nofp\libg_nano.a
LOAD C:/ST/STM32CubeCLT_1.17.0/GNU-tools-for-STM32/bin/../lib/gcc/arm-none-eabi/12.3.1/../../../../arm-none-eabi/lib/thumb/v6-m/nofp\libc_nano.a
END GROUP
START GROUP
LOAD C:/ST/STM32CubeCLT_1.17.0/GNU-tools-for-STM32/bin/../lib/gcc/arm-none-eabi/12.3.1/thumb/v6-m/nofp\libgcc.a
LOAD C:/ST/STM32CubeCLT_1.17.0/GNU-tools-for-STM32/bin/../lib/gcc/arm-none-eabi/12.3.1/../../../../arm-none-eabi/lib/thumb/v6-m/nofp\libc_nano.a
END GROUP
LOAD C:/ST/STM32CubeCLT_1.17.0/GNU-tools-for-STM32/bin/../lib/gcc/arm-none-eabi/12.3.1/thumb/v6-m/nofp/crtend.o
LOAD C:/ST/STM32CubeCLT_1.17.0/GNU-tools-for-STM32/bin/../lib/gcc/arm-none-eabi/12.3.1/thumb/v6-m/nofp/crtn.o
                0x20002000                        _estack = (ORIGIN (RAM) + LENGTH (RAM))
                0x00000200                        _Min_Heap_Size = 0x200
                0x00000400                        _Min_Stack_Size = 0x400

.isr_vector     0x08000000       0xc0
                0x08000000                        . = ALIGN (0x4)
 *(.isr_vector)
 .isr_vector    0x08000000       0xc0 CMakeFiles/PowerMeter.dir/startup_stm32f030x8.s.obj
                0x08000000                g_pfnVectors
                0x080000c0                        . = ALIGN (0x4)

.text           0x080000c0     0x1198
                0x080000c0                        . = ALIGN (0x4)
 *(.text)
 .text          0x080000c0       0x48 C:/ST/STM32CubeCLT_1.17.0/GNU-tools-for-STM32/bin/../lib/gcc/arm-none-eabi/12.3.1/thumb/v6-m/nofp/crtbegin.o
 .text          0x08000108      0x114 C:/ST/STM32CubeCLT_1.17.0/GNU-tools-for-STM32/bin/../lib/gcc/arm-none-eabi/12.3.1/thumb/v6-m/nofp\libgcc.a(_udivsi3.o)
                0x08000108                __aeabi_uidiv
                0x08000108                __udivsi3
                0x08000214                __aeabi_uidivmod
 .text          0x0800021c        0x4 C:/ST/STM32CubeCLT_1.17.0/GNU-tools-for-STM32/bin/../lib/gcc/arm-none-eabi/12.3.1/thumb/v6-m/nofp\libgcc.a(_dvmd_tls.o)
                0x0800021c                __aeabi_idiv0
                0x0800021c                __aeabi_ldiv0
 *(.text*)
 .text.memset   0x08000220       0x10 C:/ST/STM32CubeCLT_1.17.0/GNU-tools-for-STM32/bin/../lib/gcc/arm-none-eabi/12.3.1/../../../../arm-none-eabi/lib/thumb/v6-m/nofp\libc_nano.a(libc_a-memset.o)
                0x08000220                memset
 .text.__libc_init_array
                0x08000230       0x48 C:/ST/STM32CubeCLT_1.17.0/GNU-tools-for-STM32/bin/../lib/gcc/arm-none-eabi/12.3.1/../../../../arm-none-eabi/lib/thumb/v6-m/nofp\libc_nano.a(libc_a-init.o)
                0x08000230                __libc_init_array
 .text.__NVIC_EnableIRQ
                0x08000278       0x34 CMakeFiles/PowerMeter.dir/Core/Src/main.c.obj
 .text.__NVIC_SetPriority
                0x080002ac       0xdc CMakeFiles/PowerMeter.dir/Core/Src/main.c.obj
 .text.LL_RCC_HSI_Enable
                0x08000388       0x1c CMakeFiles/PowerMeter.dir/Core/Src/main.c.obj
 .text.LL_RCC_HSI_IsReady
                0x080003a4       0x20 CMakeFiles/PowerMeter.dir/Core/Src/main.c.obj
 .text.LL_RCC_HSI_SetCalibTrimming
                0x080003c4       0x28 CMakeFiles/PowerMeter.dir/Core/Src/main.c.obj
 .text.LL_RCC_SetSysClkSource
                0x080003ec       0x28 CMakeFiles/PowerMeter.dir/Core/Src/main.c.obj
 .text.LL_RCC_GetSysClkSource
                0x08000414       0x18 CMakeFiles/PowerMeter.dir/Core/Src/main.c.obj
 .text.LL_RCC_SetAHBPrescaler
                0x0800042c       0x28 CMakeFiles/PowerMeter.dir/Core/Src/main.c.obj
 .text.LL_RCC_SetAPB1Prescaler
                0x08000454       0x2c CMakeFiles/PowerMeter.dir/Core/Src/main.c.obj
 .text.LL_RCC_SetUSARTClockSource
                0x08000480       0x34 CMakeFiles/PowerMeter.dir/Core/Src/main.c.obj
 .text.LL_RCC_PLL_Enable
                0x080004b4       0x1c CMakeFiles/PowerMeter.dir/Core/Src/main.c.obj
 .text.LL_RCC_PLL_IsReady
                0x080004d0       0x28 CMakeFiles/PowerMeter.dir/Core/Src/main.c.obj
 .text.LL_RCC_PLL_ConfigDomain_SYS
                0x080004f8       0x4c CMakeFiles/PowerMeter.dir/Core/Src/main.c.obj
 .text.LL_AHB1_GRP1_EnableClock
                0x08000544       0x2c CMakeFiles/PowerMeter.dir/Core/Src/main.c.obj
 .text.LL_APB1_GRP1_EnableClock
                0x08000570       0x2c CMakeFiles/PowerMeter.dir/Core/Src/main.c.obj
 .text.LL_APB1_GRP2_EnableClock
                0x0800059c       0x2c CMakeFiles/PowerMeter.dir/Core/Src/main.c.obj
 .text.LL_FLASH_SetLatency
                0x080005c8       0x28 CMakeFiles/PowerMeter.dir/Core/Src/main.c.obj
 .text.LL_FLASH_GetLatency
                0x080005f0       0x18 CMakeFiles/PowerMeter.dir/Core/Src/main.c.obj
 .text.LL_USART_Enable
                0x08000608       0x1c CMakeFiles/PowerMeter.dir/Core/Src/main.c.obj
 .text.LL_USART_ConfigAsyncMode
                0x08000624       0x30 CMakeFiles/PowerMeter.dir/Core/Src/main.c.obj
 .text.LL_USART_DisableIT_CTS
                0x08000654       0x44 CMakeFiles/PowerMeter.dir/Core/Src/main.c.obj
 .text.LL_GPIO_ResetOutputPin
                0x08000698       0x18 CMakeFiles/PowerMeter.dir/Core/Src/main.c.obj
 .text.main     0x080006b0       0x34 CMakeFiles/PowerMeter.dir/Core/Src/main.c.obj
                0x080006b0                main
 .text.SystemClock_Config
                0x080006e4       0x88 CMakeFiles/PowerMeter.dir/Core/Src/main.c.obj
                0x080006e4                SystemClock_Config
 .text.MX_USART1_UART_Init
                0x0800076c      0x108 CMakeFiles/PowerMeter.dir/Core/Src/main.c.obj
 .text.MX_GPIO_Init
                0x08000874       0xa4 CMakeFiles/PowerMeter.dir/Core/Src/main.c.obj
 .text.NMI_Handler
                0x08000918        0x8 CMakeFiles/PowerMeter.dir/Core/Src/stm32f0xx_it.c.obj
                0x08000918                NMI_Handler
 .text.HardFault_Handler
                0x08000920        0x8 CMakeFiles/PowerMeter.dir/Core/Src/stm32f0xx_it.c.obj
                0x08000920                HardFault_Handler
 .text.SVC_Handler
                0x08000928        0xa CMakeFiles/PowerMeter.dir/Core/Src/stm32f0xx_it.c.obj
                0x08000928                SVC_Handler
 .text.PendSV_Handler
                0x08000932        0xa CMakeFiles/PowerMeter.dir/Core/Src/stm32f0xx_it.c.obj
                0x08000932                PendSV_Handler
 .text.SysTick_Handler
                0x0800093c        0xe CMakeFiles/PowerMeter.dir/Core/Src/stm32f0xx_it.c.obj
                0x0800093c                SysTick_Handler
 .text.USART1_IRQHandler
                0x0800094a        0xa CMakeFiles/PowerMeter.dir/Core/Src/stm32f0xx_it.c.obj
                0x0800094a                USART1_IRQHandler
 .text.LL_GPIO_SetPinMode
                0x08000954       0x38 CMakeFiles/PowerMeter.dir/Drivers/STM32F0xx_HAL_Driver/Src/stm32f0xx_ll_gpio.c.obj
 .text.LL_GPIO_SetPinOutputType
                0x0800098c       0x2a CMakeFiles/PowerMeter.dir/Drivers/STM32F0xx_HAL_Driver/Src/stm32f0xx_ll_gpio.c.obj
 .text.LL_GPIO_SetPinSpeed
                0x080009b6       0x38 CMakeFiles/PowerMeter.dir/Drivers/STM32F0xx_HAL_Driver/Src/stm32f0xx_ll_gpio.c.obj
 .text.LL_GPIO_SetPinPull
                0x080009ee       0x38 CMakeFiles/PowerMeter.dir/Drivers/STM32F0xx_HAL_Driver/Src/stm32f0xx_ll_gpio.c.obj
 .text.LL_GPIO_SetAFPin_0_7
                0x08000a26       0x46 CMakeFiles/PowerMeter.dir/Drivers/STM32F0xx_HAL_Driver/Src/stm32f0xx_ll_gpio.c.obj
 .text.LL_GPIO_SetAFPin_8_15
                0x08000a6c       0x5a CMakeFiles/PowerMeter.dir/Drivers/STM32F0xx_HAL_Driver/Src/stm32f0xx_ll_gpio.c.obj
 .text.LL_GPIO_Init
                0x08000ac6       0xb8 CMakeFiles/PowerMeter.dir/Drivers/STM32F0xx_HAL_Driver/Src/stm32f0xx_ll_gpio.c.obj
                0x08000ac6                LL_GPIO_Init
 .text.LL_USART_IsEnabled
                0x08000b7e       0x22 CMakeFiles/PowerMeter.dir/Drivers/STM32F0xx_HAL_Driver/Src/stm32f0xx_ll_usart.c.obj
 .text.LL_USART_SetStopBitsLength
                0x08000ba0       0x28 CMakeFiles/PowerMeter.dir/Drivers/STM32F0xx_HAL_Driver/Src/stm32f0xx_ll_usart.c.obj
 .text.LL_USART_SetHWFlowCtrl
                0x08000bc8       0x28 CMakeFiles/PowerMeter.dir/Drivers/STM32F0xx_HAL_Driver/Src/stm32f0xx_ll_usart.c.obj
 .text.LL_USART_SetBaudRate
                0x08000bf0       0x78 CMakeFiles/PowerMeter.dir/Drivers/STM32F0xx_HAL_Driver/Src/stm32f0xx_ll_usart.c.obj
 .text.LL_USART_Init
                0x08000c68       0xd0 CMakeFiles/PowerMeter.dir/Drivers/STM32F0xx_HAL_Driver/Src/stm32f0xx_ll_usart.c.obj
                0x08000c68                LL_USART_Init
 .text.LL_RCC_HSI_IsReady
                0x08000d38       0x20 CMakeFiles/PowerMeter.dir/Drivers/STM32F0xx_HAL_Driver/Src/stm32f0xx_ll_rcc.c.obj
 .text.LL_RCC_LSE_IsReady
                0x08000d58       0x20 CMakeFiles/PowerMeter.dir/Drivers/STM32F0xx_HAL_Driver/Src/stm32f0xx_ll_rcc.c.obj
 .text.LL_RCC_GetSysClkSource
                0x08000d78       0x18 CMakeFiles/PowerMeter.dir/Drivers/STM32F0xx_HAL_Driver/Src/stm32f0xx_ll_rcc.c.obj
 .text.LL_RCC_GetAHBPrescaler
                0x08000d90       0x18 CMakeFiles/PowerMeter.dir/Drivers/STM32F0xx_HAL_Driver/Src/stm32f0xx_ll_rcc.c.obj
 .text.LL_RCC_GetAPB1Prescaler
                0x08000da8       0x18 CMakeFiles/PowerMeter.dir/Drivers/STM32F0xx_HAL_Driver/Src/stm32f0xx_ll_rcc.c.obj
 .text.LL_RCC_GetUSARTClockSource
                0x08000dc0       0x28 CMakeFiles/PowerMeter.dir/Drivers/STM32F0xx_HAL_Driver/Src/stm32f0xx_ll_rcc.c.obj
 .text.LL_RCC_PLL_GetMainSource
                0x08000de8       0x18 CMakeFiles/PowerMeter.dir/Drivers/STM32F0xx_HAL_Driver/Src/stm32f0xx_ll_rcc.c.obj
 .text.LL_RCC_PLL_GetMultiplicator
                0x08000e00       0x18 CMakeFiles/PowerMeter.dir/Drivers/STM32F0xx_HAL_Driver/Src/stm32f0xx_ll_rcc.c.obj
 .text.LL_RCC_PLL_GetPrediv
                0x08000e18       0x18 CMakeFiles/PowerMeter.dir/Drivers/STM32F0xx_HAL_Driver/Src/stm32f0xx_ll_rcc.c.obj
 .text.LL_RCC_GetSystemClocksFreq
                0x08000e30       0x3a CMakeFiles/PowerMeter.dir/Drivers/STM32F0xx_HAL_Driver/Src/stm32f0xx_ll_rcc.c.obj
                0x08000e30                LL_RCC_GetSystemClocksFreq
 *fill*         0x08000e6a        0x2 
 .text.LL_RCC_GetUSARTClockFreq
                0x08000e6c       0x84 CMakeFiles/PowerMeter.dir/Drivers/STM32F0xx_HAL_Driver/Src/stm32f0xx_ll_rcc.c.obj
                0x08000e6c                LL_RCC_GetUSARTClockFreq
 .text.RCC_GetSystemClockFreq
                0x08000ef0       0x4c CMakeFiles/PowerMeter.dir/Drivers/STM32F0xx_HAL_Driver/Src/stm32f0xx_ll_rcc.c.obj
                0x08000ef0                RCC_GetSystemClockFreq
 .text.RCC_GetHCLKClockFreq
                0x08000f3c       0x2c CMakeFiles/PowerMeter.dir/Drivers/STM32F0xx_HAL_Driver/Src/stm32f0xx_ll_rcc.c.obj
                0x08000f3c                RCC_GetHCLKClockFreq
 .text.RCC_GetPCLK1ClockFreq
                0x08000f68       0x28 CMakeFiles/PowerMeter.dir/Drivers/STM32F0xx_HAL_Driver/Src/stm32f0xx_ll_rcc.c.obj
                0x08000f68                RCC_GetPCLK1ClockFreq
 .text.RCC_PLL_GetFreqDomain_SYS
                0x08000f90       0x70 CMakeFiles/PowerMeter.dir/Drivers/STM32F0xx_HAL_Driver/Src/stm32f0xx_ll_rcc.c.obj
                0x08000f90                RCC_PLL_GetFreqDomain_SYS
 .text.LL_InitTick
                0x08001000       0x34 CMakeFiles/PowerMeter.dir/Drivers/STM32F0xx_HAL_Driver/Src/stm32f0xx_ll_utils.c.obj
 .text.LL_Init1msTick
                0x08001034       0x1e CMakeFiles/PowerMeter.dir/Drivers/STM32F0xx_HAL_Driver/Src/stm32f0xx_ll_utils.c.obj
                0x08001034                LL_Init1msTick
 *fill*         0x08001052        0x2 
 .text.LL_SetSystemCoreClock
                0x08001054       0x1c CMakeFiles/PowerMeter.dir/Drivers/STM32F0xx_HAL_Driver/Src/stm32f0xx_ll_utils.c.obj
                0x08001054                LL_SetSystemCoreClock
 .text.SystemInit
                0x08001070        0xa CMakeFiles/PowerMeter.dir/Core/Src/system_stm32f0xx.c.obj
                0x08001070                SystemInit
 *fill*         0x0800107a        0x2 
 .text.Reset_Handler
                0x0800107c       0x50 CMakeFiles/PowerMeter.dir/startup_stm32f030x8.s.obj
                0x0800107c                Reset_Handler
 .text.Default_Handler
                0x080010cc        0x2 CMakeFiles/PowerMeter.dir/startup_stm32f030x8.s.obj
                0x080010cc                TIM1_CC_IRQHandler
                0x080010cc                TIM6_IRQHandler
                0x080010cc                I2C1_IRQHandler
                0x080010cc                SPI1_IRQHandler
                0x080010cc                EXTI2_3_IRQHandler
                0x080010cc                ADC1_IRQHandler
                0x080010cc                I2C2_IRQHandler
                0x080010cc                TIM17_IRQHandler
                0x080010cc                RTC_IRQHandler
                0x080010cc                TIM16_IRQHandler
                0x080010cc                TIM3_IRQHandler
                0x080010cc                EXTI4_15_IRQHandler
                0x080010cc                RCC_IRQHandler
                0x080010cc                DMA1_Channel1_IRQHandler
                0x080010cc                Default_Handler
                0x080010cc                TIM14_IRQHandler
                0x080010cc                DMA1_Channel4_5_IRQHandler
                0x080010cc                TIM15_IRQHandler
                0x080010cc                EXTI0_1_IRQHandler
                0x080010cc                SPI2_IRQHandler
                0x080010cc                WWDG_IRQHandler
                0x080010cc                DMA1_Channel2_3_IRQHandler
                0x080010cc                USART2_IRQHandler
                0x080010cc                FLASH_IRQHandler
                0x080010cc                TIM1_BRK_UP_TRG_COM_IRQHandler
 .text.LL_GPIO_TogglePin
                0x080010ce       0x2e CMakeFiles/PowerMeter.dir/App/Src/app.c.obj
 .text.App_Main
                0x080010fc       0x14 CMakeFiles/PowerMeter.dir/App/Src/app.c.obj
                0x080010fc                App_Main
 .text.Status_Led
                0x08001110       0x24 CMakeFiles/PowerMeter.dir/App/Src/app.c.obj
 .text.SchedulerSysTickIntHandler
                0x08001134       0x18 CMakeFiles/PowerMeter.dir/Utils/Scheduler/scheduler.c.obj
                0x08001134                SchedulerSysTickIntHandler
 .text.SchedulerInit
                0x0800114c       0x44 CMakeFiles/PowerMeter.dir/Utils/Scheduler/scheduler.c.obj
                0x0800114c                SchedulerInit
 .text.SchedulerRun
                0x08001190       0x74 CMakeFiles/PowerMeter.dir/Utils/Scheduler/scheduler.c.obj
                0x08001190                SchedulerRun
 .text.SchedulerElapsedTicksGet
                0x08001204       0x24 CMakeFiles/PowerMeter.dir/Utils/Scheduler/scheduler.c.obj
                0x08001204                SchedulerElapsedTicksGet
 .text.SchedulerElapsedTicksCalc
                0x08001228       0x18 CMakeFiles/PowerMeter.dir/Utils/Scheduler/scheduler.c.obj
                0x08001228                SchedulerElapsedTicksCalc
 *(.glue_7)
 .glue_7        0x08001240        0x0 linker stubs
 *(.glue_7t)
 .glue_7t       0x08001240        0x0 linker stubs
 *(.eh_frame)
 .eh_frame      0x08001240        0x0 C:/ST/STM32CubeCLT_1.17.0/GNU-tools-for-STM32/bin/../lib/gcc/arm-none-eabi/12.3.1/thumb/v6-m/nofp/crtbegin.o
 *(.init)
 .init          0x08001240        0x4 C:/ST/STM32CubeCLT_1.17.0/GNU-tools-for-STM32/bin/../lib/gcc/arm-none-eabi/12.3.1/thumb/v6-m/nofp/crti.o
                0x08001240                _init
 .init          0x08001244        0x8 C:/ST/STM32CubeCLT_1.17.0/GNU-tools-for-STM32/bin/../lib/gcc/arm-none-eabi/12.3.1/thumb/v6-m/nofp/crtn.o
 *(.fini)
 .fini          0x0800124c        0x4 C:/ST/STM32CubeCLT_1.17.0/GNU-tools-for-STM32/bin/../lib/gcc/arm-none-eabi/12.3.1/thumb/v6-m/nofp/crti.o
                0x0800124c                _fini
 .fini          0x08001250        0x8 C:/ST/STM32CubeCLT_1.17.0/GNU-tools-for-STM32/bin/../lib/gcc/arm-none-eabi/12.3.1/thumb/v6-m/nofp/crtn.o
                0x08001258                        . = ALIGN (0x4)
                0x08001258                        _etext = .

.vfp11_veneer   0x08001258        0x0
 .vfp11_veneer  0x08001258        0x0 linker stubs

.v4_bx          0x08001258        0x0
 .v4_bx         0x08001258        0x0 linker stubs

.iplt           0x08001258        0x0
 .iplt          0x08001258        0x0 C:/ST/STM32CubeCLT_1.17.0/GNU-tools-for-STM32/bin/../lib/gcc/arm-none-eabi/12.3.1/thumb/v6-m/nofp/crtbegin.o

.rodata         0x08001258       0x18
                0x08001258                        . = ALIGN (0x4)
 *(.rodata)
 *(.rodata*)
 .rodata.AHBPrescTable
                0x08001258       0x10 CMakeFiles/PowerMeter.dir/Core/Src/system_stm32f0xx.c.obj
                0x08001258                AHBPrescTable
 .rodata.APBPrescTable
                0x08001268        0x8 CMakeFiles/PowerMeter.dir/Core/Src/system_stm32f0xx.c.obj
                0x08001268                APBPrescTable
                0x08001270                        . = ALIGN (0x4)

.rel.dyn        0x08001270        0x0
 .rel.iplt      0x08001270        0x0 C:/ST/STM32CubeCLT_1.17.0/GNU-tools-for-STM32/bin/../lib/gcc/arm-none-eabi/12.3.1/thumb/v6-m/nofp/crtbegin.o

.ARM.extab
 *(.ARM.extab* .gnu.linkonce.armextab.*)

.ARM            0x08001270        0x0
                0x08001270                        __exidx_start = .
 *(.ARM.exidx*)
                0x08001270                        __exidx_end = .

.preinit_array  0x08001270        0x0
                0x08001270                        PROVIDE (__preinit_array_start = .)
 *(.preinit_array*)
                0x08001270                        PROVIDE (__preinit_array_end = .)

.init_array     0x08001270        0x4
                0x08001270                        PROVIDE (__init_array_start = .)
 *(SORT_BY_NAME(.init_array.*))
 *(.init_array*)
 .init_array    0x08001270        0x4 C:/ST/STM32CubeCLT_1.17.0/GNU-tools-for-STM32/bin/../lib/gcc/arm-none-eabi/12.3.1/thumb/v6-m/nofp/crtbegin.o
                0x08001274                        PROVIDE (__init_array_end = .)

.fini_array     0x08001274        0x4
                [!provide]                        PROVIDE (__fini_array_start = .)
 *(SORT_BY_NAME(.fini_array.*))
 *(.fini_array*)
 .fini_array    0x08001274        0x4 C:/ST/STM32CubeCLT_1.17.0/GNU-tools-for-STM32/bin/../lib/gcc/arm-none-eabi/12.3.1/thumb/v6-m/nofp/crtbegin.o
                [!provide]                        PROVIDE (__fini_array_end = .)
                0x08001278                        _sidata = LOADADDR (.data)

.data           0x20000000       0x20 load address 0x08001278
                0x20000000                        . = ALIGN (0x4)
                0x20000000                        _sdata = .
 *(.data)
 *(.data*)
 .data.SystemCoreClock
                0x20000000        0x4 CMakeFiles/PowerMeter.dir/Core/Src/system_stm32f0xx.c.obj
                0x20000000                SystemCoreClock
 .data.g_ui32SchedulerNumTasks
                0x20000004        0x4 CMakeFiles/PowerMeter.dir/App/Src/app.c.obj
                0x20000004                g_ui32SchedulerNumTasks
 .data.g_psSchedulerTable
                0x20000008       0x14 CMakeFiles/PowerMeter.dir/App/Src/app.c.obj
                0x20000008                g_psSchedulerTable
 .data.SchedulerTickPerSecond
                0x2000001c        0x4 CMakeFiles/PowerMeter.dir/Utils/Scheduler/scheduler.c.obj
                0x20000020                        . = ALIGN (0x4)
                0x20000020                        _edata = .

.igot.plt       0x20000020        0x0 load address 0x08001298
 .igot.plt      0x20000020        0x0 C:/ST/STM32CubeCLT_1.17.0/GNU-tools-for-STM32/bin/../lib/gcc/arm-none-eabi/12.3.1/thumb/v6-m/nofp/crtbegin.o
                0x20000020                        . = ALIGN (0x4)

.bss            0x20000020       0x20 load address 0x08001298
                0x20000020                        _sbss = .
                0x20000020                        __bss_start__ = _sbss
 *(.bss)
 .bss           0x20000020       0x1c C:/ST/STM32CubeCLT_1.17.0/GNU-tools-for-STM32/bin/../lib/gcc/arm-none-eabi/12.3.1/thumb/v6-m/nofp/crtbegin.o
 *(.bss*)
 .bss.g_ui32SchedulerTickCount
                0x2000003c        0x4 CMakeFiles/PowerMeter.dir/Utils/Scheduler/scheduler.c.obj
 *(COMMON)
                0x20000040                        . = ALIGN (0x4)
                0x20000040                        _ebss = .
                0x20000040                        __bss_end__ = _ebss

._user_heap_stack
                0x20000040      0x600 load address 0x08001298
                0x20000040                        . = ALIGN (0x8)
                [!provide]                        PROVIDE (end = .)
                0x20000040                        PROVIDE (_end = .)
                0x20000240                        . = (. + _Min_Heap_Size)
 *fill*         0x20000040      0x200 
                0x20000640                        . = (. + _Min_Stack_Size)
 *fill*         0x20000240      0x400 
                0x20000640                        . = ALIGN (0x8)

/DISCARD/
 libc.a(*)
 libm.a(*)
 libgcc.a(*)
OUTPUT(PowerMeter.elf elf32-littlearm)
LOAD linker stubs
LOAD C:/ST/STM32CubeCLT_1.17.0/GNU-tools-for-STM32/bin/../lib/gcc/arm-none-eabi/12.3.1/../../../../arm-none-eabi/lib/thumb/v6-m/nofp\libc.a
LOAD C:/ST/STM32CubeCLT_1.17.0/GNU-tools-for-STM32/bin/../lib/gcc/arm-none-eabi/12.3.1/../../../../arm-none-eabi/lib/thumb/v6-m/nofp\libm.a
LOAD C:/ST/STM32CubeCLT_1.17.0/GNU-tools-for-STM32/bin/../lib/gcc/arm-none-eabi/12.3.1/thumb/v6-m/nofp\libgcc.a

.ARM.attributes
                0x00000000       0x28
 .ARM.attributes
                0x00000000       0x1e C:/ST/STM32CubeCLT_1.17.0/GNU-tools-for-STM32/bin/../lib/gcc/arm-none-eabi/12.3.1/thumb/v6-m/nofp/crti.o
 .ARM.attributes
                0x0000001e       0x2c C:/ST/STM32CubeCLT_1.17.0/GNU-tools-for-STM32/bin/../lib/gcc/arm-none-eabi/12.3.1/thumb/v6-m/nofp/crtbegin.o
 .ARM.attributes
                0x0000004a       0x2c C:/ST/STM32CubeCLT_1.17.0/GNU-tools-for-STM32/bin/../lib/gcc/arm-none-eabi/12.3.1/../../../../arm-none-eabi/lib/thumb/v6-m/nofp\libc_nano.a(libc_a-memset.o)
 .ARM.attributes
                0x00000076       0x2c C:/ST/STM32CubeCLT_1.17.0/GNU-tools-for-STM32/bin/../lib/gcc/arm-none-eabi/12.3.1/../../../../arm-none-eabi/lib/thumb/v6-m/nofp\libc_nano.a(libc_a-init.o)
 .ARM.attributes
                0x000000a2       0x2c CMakeFiles/PowerMeter.dir/Core/Src/main.c.obj
 .ARM.attributes
                0x000000ce       0x2c CMakeFiles/PowerMeter.dir/Core/Src/stm32f0xx_it.c.obj
 .ARM.attributes
                0x000000fa       0x2c CMakeFiles/PowerMeter.dir/Drivers/STM32F0xx_HAL_Driver/Src/stm32f0xx_ll_gpio.c.obj
 .ARM.attributes
                0x00000126       0x2c CMakeFiles/PowerMeter.dir/Drivers/STM32F0xx_HAL_Driver/Src/stm32f0xx_ll_usart.c.obj
 .ARM.attributes
                0x00000152       0x2c CMakeFiles/PowerMeter.dir/Drivers/STM32F0xx_HAL_Driver/Src/stm32f0xx_ll_rcc.c.obj
 .ARM.attributes
                0x0000017e       0x2c CMakeFiles/PowerMeter.dir/Drivers/STM32F0xx_HAL_Driver/Src/stm32f0xx_ll_utils.c.obj
 .ARM.attributes
                0x000001aa       0x2c CMakeFiles/PowerMeter.dir/Core/Src/system_stm32f0xx.c.obj
 .ARM.attributes
                0x000001d6       0x21 CMakeFiles/PowerMeter.dir/startup_stm32f030x8.s.obj
 .ARM.attributes
                0x000001f7       0x2c CMakeFiles/PowerMeter.dir/App/Src/app.c.obj
 .ARM.attributes
                0x00000223       0x2c CMakeFiles/PowerMeter.dir/Utils/Scheduler/scheduler.c.obj
 .ARM.attributes
                0x0000024f       0x1e C:/ST/STM32CubeCLT_1.17.0/GNU-tools-for-STM32/bin/../lib/gcc/arm-none-eabi/12.3.1/thumb/v6-m/nofp\libgcc.a(_udivsi3.o)
 .ARM.attributes
                0x0000026d       0x1e C:/ST/STM32CubeCLT_1.17.0/GNU-tools-for-STM32/bin/../lib/gcc/arm-none-eabi/12.3.1/thumb/v6-m/nofp\libgcc.a(_dvmd_tls.o)
 .ARM.attributes
                0x0000028b       0x1e C:/ST/STM32CubeCLT_1.17.0/GNU-tools-for-STM32/bin/../lib/gcc/arm-none-eabi/12.3.1/thumb/v6-m/nofp/crtn.o

.comment        0x00000000       0x43
 .comment       0x00000000       0x43 CMakeFiles/PowerMeter.dir/Core/Src/main.c.obj
                                 0x44 (size before relaxing)
 .comment       0x00000043       0x44 CMakeFiles/PowerMeter.dir/Core/Src/stm32f0xx_it.c.obj
 .comment       0x00000043       0x44 CMakeFiles/PowerMeter.dir/Drivers/STM32F0xx_HAL_Driver/Src/stm32f0xx_ll_gpio.c.obj
 .comment       0x00000043       0x44 CMakeFiles/PowerMeter.dir/Drivers/STM32F0xx_HAL_Driver/Src/stm32f0xx_ll_usart.c.obj
 .comment       0x00000043       0x44 CMakeFiles/PowerMeter.dir/Drivers/STM32F0xx_HAL_Driver/Src/stm32f0xx_ll_rcc.c.obj
 .comment       0x00000043       0x44 CMakeFiles/PowerMeter.dir/Drivers/STM32F0xx_HAL_Driver/Src/stm32f0xx_ll_utils.c.obj
 .comment       0x00000043       0x44 CMakeFiles/PowerMeter.dir/Core/Src/system_stm32f0xx.c.obj
 .comment       0x00000043       0x44 CMakeFiles/PowerMeter.dir/App/Src/app.c.obj
 .comment       0x00000043       0x44 CMakeFiles/PowerMeter.dir/Utils/Scheduler/scheduler.c.obj

.debug_frame    0x00000000      0xfcc
 .debug_frame   0x00000000       0x20 C:/ST/STM32CubeCLT_1.17.0/GNU-tools-for-STM32/bin/../lib/gcc/arm-none-eabi/12.3.1/../../../../arm-none-eabi/lib/thumb/v6-m/nofp\libc_nano.a(libc_a-memset.o)
 .debug_frame   0x00000020       0x2c C:/ST/STM32CubeCLT_1.17.0/GNU-tools-for-STM32/bin/../lib/gcc/arm-none-eabi/12.3.1/../../../../arm-none-eabi/lib/thumb/v6-m/nofp\libc_nano.a(libc_a-init.o)
 .debug_frame   0x0000004c      0x34c CMakeFiles/PowerMeter.dir/Core/Src/main.c.obj
 .debug_frame   0x00000398       0xb8 CMakeFiles/PowerMeter.dir/Core/Src/stm32f0xx_it.c.obj
 .debug_frame   0x00000450      0x170 CMakeFiles/PowerMeter.dir/Drivers/STM32F0xx_HAL_Driver/Src/stm32f0xx_ll_gpio.c.obj
 .debug_frame   0x000005c0      0x1d0 CMakeFiles/PowerMeter.dir/Drivers/STM32F0xx_HAL_Driver/Src/stm32f0xx_ll_usart.c.obj
 .debug_frame   0x00000790      0x318 CMakeFiles/PowerMeter.dir/Drivers/STM32F0xx_HAL_Driver/Src/stm32f0xx_ll_rcc.c.obj
 .debug_frame   0x00000aa8      0x328 CMakeFiles/PowerMeter.dir/Drivers/STM32F0xx_HAL_Driver/Src/stm32f0xx_ll_utils.c.obj
 .debug_frame   0x00000dd0       0x4c CMakeFiles/PowerMeter.dir/Core/Src/system_stm32f0xx.c.obj
 .debug_frame   0x00000e1c       0x6c CMakeFiles/PowerMeter.dir/App/Src/app.c.obj
 .debug_frame   0x00000e88      0x124 CMakeFiles/PowerMeter.dir/Utils/Scheduler/scheduler.c.obj
 .debug_frame   0x00000fac       0x20 C:/ST/STM32CubeCLT_1.17.0/GNU-tools-for-STM32/bin/../lib/gcc/arm-none-eabi/12.3.1/thumb/v6-m/nofp\libgcc.a(_udivsi3.o)

.debug_info     0x00000000     0x2dcc
 .debug_info    0x00000000      0xc63 CMakeFiles/PowerMeter.dir/Core/Src/main.c.obj
 .debug_info    0x00000c63      0x13c CMakeFiles/PowerMeter.dir/Core/Src/stm32f0xx_it.c.obj
 .debug_info    0x00000d9f      0x528 CMakeFiles/PowerMeter.dir/Drivers/STM32F0xx_HAL_Driver/Src/stm32f0xx_ll_gpio.c.obj
 .debug_info    0x000012c7      0x68b CMakeFiles/PowerMeter.dir/Drivers/STM32F0xx_HAL_Driver/Src/stm32f0xx_ll_usart.c.obj
 .debug_info    0x00001952      0x52f CMakeFiles/PowerMeter.dir/Drivers/STM32F0xx_HAL_Driver/Src/stm32f0xx_ll_rcc.c.obj
 .debug_info    0x00001e81      0x76b CMakeFiles/PowerMeter.dir/Drivers/STM32F0xx_HAL_Driver/Src/stm32f0xx_ll_utils.c.obj
 .debug_info    0x000025ec      0x23b CMakeFiles/PowerMeter.dir/Core/Src/system_stm32f0xx.c.obj
 .debug_info    0x00002827       0x30 CMakeFiles/PowerMeter.dir/startup_stm32f030x8.s.obj
 .debug_info    0x00002857      0x28a CMakeFiles/PowerMeter.dir/App/Src/app.c.obj
 .debug_info    0x00002ae1      0x2eb CMakeFiles/PowerMeter.dir/Utils/Scheduler/scheduler.c.obj

.debug_abbrev   0x00000000     0x10c1
 .debug_abbrev  0x00000000      0x356 CMakeFiles/PowerMeter.dir/Core/Src/main.c.obj
 .debug_abbrev  0x00000356       0xc8 CMakeFiles/PowerMeter.dir/Core/Src/stm32f0xx_it.c.obj
 .debug_abbrev  0x0000041e      0x1a2 CMakeFiles/PowerMeter.dir/Drivers/STM32F0xx_HAL_Driver/Src/stm32f0xx_ll_gpio.c.obj
 .debug_abbrev  0x000005c0      0x1f6 CMakeFiles/PowerMeter.dir/Drivers/STM32F0xx_HAL_Driver/Src/stm32f0xx_ll_usart.c.obj
 .debug_abbrev  0x000007b6      0x206 CMakeFiles/PowerMeter.dir/Drivers/STM32F0xx_HAL_Driver/Src/stm32f0xx_ll_rcc.c.obj
 .debug_abbrev  0x000009bc      0x258 CMakeFiles/PowerMeter.dir/Drivers/STM32F0xx_HAL_Driver/Src/stm32f0xx_ll_utils.c.obj
 .debug_abbrev  0x00000c14      0x11c CMakeFiles/PowerMeter.dir/Core/Src/system_stm32f0xx.c.obj
 .debug_abbrev  0x00000d30       0x24 CMakeFiles/PowerMeter.dir/startup_stm32f030x8.s.obj
 .debug_abbrev  0x00000d54      0x189 CMakeFiles/PowerMeter.dir/App/Src/app.c.obj
 .debug_abbrev  0x00000edd      0x1e4 CMakeFiles/PowerMeter.dir/Utils/Scheduler/scheduler.c.obj

.debug_aranges  0x00000000      0x4e0
 .debug_aranges
                0x00000000       0xf0 CMakeFiles/PowerMeter.dir/Core/Src/main.c.obj
 .debug_aranges
                0x000000f0       0x48 CMakeFiles/PowerMeter.dir/Core/Src/stm32f0xx_it.c.obj
 .debug_aranges
                0x00000138       0x70 CMakeFiles/PowerMeter.dir/Drivers/STM32F0xx_HAL_Driver/Src/stm32f0xx_ll_gpio.c.obj
 .debug_aranges
                0x000001a8       0x88 CMakeFiles/PowerMeter.dir/Drivers/STM32F0xx_HAL_Driver/Src/stm32f0xx_ll_usart.c.obj
 .debug_aranges
                0x00000230       0xe8 CMakeFiles/PowerMeter.dir/Drivers/STM32F0xx_HAL_Driver/Src/stm32f0xx_ll_rcc.c.obj
 .debug_aranges
                0x00000318       0xe8 CMakeFiles/PowerMeter.dir/Drivers/STM32F0xx_HAL_Driver/Src/stm32f0xx_ll_utils.c.obj
 .debug_aranges
                0x00000400       0x28 CMakeFiles/PowerMeter.dir/Core/Src/system_stm32f0xx.c.obj
 .debug_aranges
                0x00000428       0x28 CMakeFiles/PowerMeter.dir/startup_stm32f030x8.s.obj
 .debug_aranges
                0x00000450       0x30 CMakeFiles/PowerMeter.dir/App/Src/app.c.obj
 .debug_aranges
                0x00000480       0x60 CMakeFiles/PowerMeter.dir/Utils/Scheduler/scheduler.c.obj

.debug_rnglists
                0x00000000      0x384
 .debug_rnglists
                0x00000000       0xb3 CMakeFiles/PowerMeter.dir/Core/Src/main.c.obj
 .debug_rnglists
                0x000000b3       0x31 CMakeFiles/PowerMeter.dir/Core/Src/stm32f0xx_it.c.obj
 .debug_rnglists
                0x000000e4       0x51 CMakeFiles/PowerMeter.dir/Drivers/STM32F0xx_HAL_Driver/Src/stm32f0xx_ll_gpio.c.obj
 .debug_rnglists
                0x00000135       0x62 CMakeFiles/PowerMeter.dir/Drivers/STM32F0xx_HAL_Driver/Src/stm32f0xx_ll_usart.c.obj
 .debug_rnglists
                0x00000197       0xab CMakeFiles/PowerMeter.dir/Drivers/STM32F0xx_HAL_Driver/Src/stm32f0xx_ll_rcc.c.obj
 .debug_rnglists
                0x00000242       0xac CMakeFiles/PowerMeter.dir/Drivers/STM32F0xx_HAL_Driver/Src/stm32f0xx_ll_utils.c.obj
 .debug_rnglists
                0x000002ee       0x1a CMakeFiles/PowerMeter.dir/Core/Src/system_stm32f0xx.c.obj
 .debug_rnglists
                0x00000308       0x19 CMakeFiles/PowerMeter.dir/startup_stm32f030x8.s.obj
 .debug_rnglists
                0x00000321       0x1f CMakeFiles/PowerMeter.dir/App/Src/app.c.obj
 .debug_rnglists
                0x00000340       0x44 CMakeFiles/PowerMeter.dir/Utils/Scheduler/scheduler.c.obj

.debug_macro    0x00000000     0xa16d
 .debug_macro   0x00000000      0x14d CMakeFiles/PowerMeter.dir/Core/Src/main.c.obj
 .debug_macro   0x0000014d      0xac6 CMakeFiles/PowerMeter.dir/Core/Src/main.c.obj
 .debug_macro   0x00000c13       0x2e CMakeFiles/PowerMeter.dir/Core/Src/main.c.obj
 .debug_macro   0x00000c41       0x22 CMakeFiles/PowerMeter.dir/Core/Src/main.c.obj
 .debug_macro   0x00000c63       0x22 CMakeFiles/PowerMeter.dir/Core/Src/main.c.obj
 .debug_macro   0x00000c85       0x8e CMakeFiles/PowerMeter.dir/Core/Src/main.c.obj
 .debug_macro   0x00000d13       0x51 CMakeFiles/PowerMeter.dir/Core/Src/main.c.obj
 .debug_macro   0x00000d64      0x103 CMakeFiles/PowerMeter.dir/Core/Src/main.c.obj
 .debug_macro   0x00000e67       0x6a CMakeFiles/PowerMeter.dir/Core/Src/main.c.obj
 .debug_macro   0x00000ed1      0x1df CMakeFiles/PowerMeter.dir/Core/Src/main.c.obj
 .debug_macro   0x000010b0       0x1c CMakeFiles/PowerMeter.dir/Core/Src/main.c.obj
 .debug_macro   0x000010cc       0x22 CMakeFiles/PowerMeter.dir/Core/Src/main.c.obj
 .debug_macro   0x000010ee       0xaf CMakeFiles/PowerMeter.dir/Core/Src/main.c.obj
 .debug_macro   0x0000119d      0x391 CMakeFiles/PowerMeter.dir/Core/Src/main.c.obj
 .debug_macro   0x0000152e     0x6f47 CMakeFiles/PowerMeter.dir/Core/Src/main.c.obj
 .debug_macro   0x00008475       0x66 CMakeFiles/PowerMeter.dir/Core/Src/main.c.obj
 .debug_macro   0x000084db      0x3d4 CMakeFiles/PowerMeter.dir/Core/Src/main.c.obj
 .debug_macro   0x000088af       0xcb CMakeFiles/PowerMeter.dir/Core/Src/main.c.obj
 .debug_macro   0x0000897a      0x176 CMakeFiles/PowerMeter.dir/Core/Src/main.c.obj
 .debug_macro   0x00008af0       0xd0 CMakeFiles/PowerMeter.dir/Core/Src/main.c.obj
 .debug_macro   0x00008bc0       0x16 CMakeFiles/PowerMeter.dir/Core/Src/main.c.obj
 .debug_macro   0x00008bd6       0x2a CMakeFiles/PowerMeter.dir/Core/Src/main.c.obj
 .debug_macro   0x00008c00       0x68 CMakeFiles/PowerMeter.dir/Core/Src/main.c.obj
 .debug_macro   0x00008c68      0x215 CMakeFiles/PowerMeter.dir/Core/Src/main.c.obj
 .debug_macro   0x00008e7d      0x264 CMakeFiles/PowerMeter.dir/Core/Src/main.c.obj
 .debug_macro   0x000090e1      0x11f CMakeFiles/PowerMeter.dir/Core/Src/main.c.obj
 .debug_macro   0x00009200       0x22 CMakeFiles/PowerMeter.dir/Core/Src/main.c.obj
 .debug_macro   0x00009222       0x22 CMakeFiles/PowerMeter.dir/Core/Src/main.c.obj
 .debug_macro   0x00009244      0x136 CMakeFiles/PowerMeter.dir/Core/Src/stm32f0xx_it.c.obj
 .debug_macro   0x0000937a       0xfb CMakeFiles/PowerMeter.dir/Drivers/STM32F0xx_HAL_Driver/Src/stm32f0xx_ll_gpio.c.obj
 .debug_macro   0x00009475      0x119 CMakeFiles/PowerMeter.dir/Drivers/STM32F0xx_HAL_Driver/Src/stm32f0xx_ll_gpio.c.obj
 .debug_macro   0x0000958e      0x12e CMakeFiles/PowerMeter.dir/Drivers/STM32F0xx_HAL_Driver/Src/stm32f0xx_ll_usart.c.obj
 .debug_macro   0x000096bc      0x25e CMakeFiles/PowerMeter.dir/Drivers/STM32F0xx_HAL_Driver/Src/stm32f0xx_ll_usart.c.obj
 .debug_macro   0x0000991a       0xda CMakeFiles/PowerMeter.dir/Drivers/STM32F0xx_HAL_Driver/Src/stm32f0xx_ll_rcc.c.obj
 .debug_macro   0x000099f4      0x3ce CMakeFiles/PowerMeter.dir/Drivers/STM32F0xx_HAL_Driver/Src/stm32f0xx_ll_rcc.c.obj
 .debug_macro   0x00009dc2      0x128 CMakeFiles/PowerMeter.dir/Drivers/STM32F0xx_HAL_Driver/Src/stm32f0xx_ll_utils.c.obj
 .debug_macro   0x00009eea       0xbf CMakeFiles/PowerMeter.dir/Core/Src/system_stm32f0xx.c.obj
 .debug_macro   0x00009fa9       0xf8 CMakeFiles/PowerMeter.dir/App/Src/app.c.obj
 .debug_macro   0x0000a0a1       0xcc CMakeFiles/PowerMeter.dir/Utils/Scheduler/scheduler.c.obj

.debug_line     0x00000000     0x3b62
 .debug_line    0x00000000      0xa3a CMakeFiles/PowerMeter.dir/Core/Src/main.c.obj
 .debug_line    0x00000a3a      0x5d0 CMakeFiles/PowerMeter.dir/Core/Src/stm32f0xx_it.c.obj
 .debug_line    0x0000100a      0x5dd CMakeFiles/PowerMeter.dir/Drivers/STM32F0xx_HAL_Driver/Src/stm32f0xx_ll_gpio.c.obj
 .debug_line    0x000015e7      0x675 CMakeFiles/PowerMeter.dir/Drivers/STM32F0xx_HAL_Driver/Src/stm32f0xx_ll_usart.c.obj
 .debug_line    0x00001c5c      0x7e5 CMakeFiles/PowerMeter.dir/Drivers/STM32F0xx_HAL_Driver/Src/stm32f0xx_ll_rcc.c.obj
 .debug_line    0x00002441      0x84f CMakeFiles/PowerMeter.dir/Drivers/STM32F0xx_HAL_Driver/Src/stm32f0xx_ll_utils.c.obj
 .debug_line    0x00002c90      0x438 CMakeFiles/PowerMeter.dir/Core/Src/system_stm32f0xx.c.obj
 .debug_line    0x000030c8       0x7b CMakeFiles/PowerMeter.dir/startup_stm32f030x8.s.obj
 .debug_line    0x00003143      0x510 CMakeFiles/PowerMeter.dir/App/Src/app.c.obj
 .debug_line    0x00003653      0x50f CMakeFiles/PowerMeter.dir/Utils/Scheduler/scheduler.c.obj

.debug_str      0x00000000    0x3428c
 .debug_str     0x00000000    0x321fb CMakeFiles/PowerMeter.dir/Core/Src/main.c.obj
                              0x3244f (size before relaxing)
 .debug_str     0x000321fb       0xbc CMakeFiles/PowerMeter.dir/Core/Src/stm32f0xx_it.c.obj
                              0x31d6f (size before relaxing)
 .debug_str     0x000322b7      0x541 CMakeFiles/PowerMeter.dir/Drivers/STM32F0xx_HAL_Driver/Src/stm32f0xx_ll_gpio.c.obj
                              0x2d824 (size before relaxing)
 .debug_str     0x000327f8      0x8a1 CMakeFiles/PowerMeter.dir/Drivers/STM32F0xx_HAL_Driver/Src/stm32f0xx_ll_usart.c.obj
                              0x2fcfe (size before relaxing)
 .debug_str     0x00033099      0x315 CMakeFiles/PowerMeter.dir/Drivers/STM32F0xx_HAL_Driver/Src/stm32f0xx_ll_rcc.c.obj
                              0x2e4d0 (size before relaxing)
 .debug_str     0x000333ae      0xbbd CMakeFiles/PowerMeter.dir/Drivers/STM32F0xx_HAL_Driver/Src/stm32f0xx_ll_utils.c.obj
                              0x2fb06 (size before relaxing)
 .debug_str     0x00033f6b       0x8f CMakeFiles/PowerMeter.dir/Core/Src/system_stm32f0xx.c.obj
                              0x2c6bf (size before relaxing)
 .debug_str     0x00033ffa       0x4e CMakeFiles/PowerMeter.dir/startup_stm32f030x8.s.obj
                                 0x76 (size before relaxing)
 .debug_str     0x00034048       0xfc CMakeFiles/PowerMeter.dir/App/Src/app.c.obj
                              0x2dbba (size before relaxing)
 .debug_str     0x00034144      0x148 CMakeFiles/PowerMeter.dir/Utils/Scheduler/scheduler.c.obj
                              0x2c81a (size before relaxing)

.debug_line_str
                0x00000000       0x5a
 .debug_line_str
                0x00000000       0x5a CMakeFiles/PowerMeter.dir/startup_stm32f030x8.s.obj
